+N+F+PL	n-pl-suffix
+N+M+PL	n-pl-suffix
+N+PL	n-pl-suffix
+A+F+PL	a-pl-suffix
+A+M+PL	a-pl-suffix
+A+PL	a-pl-suffix
+A+F+SG	fem-suffix
+N+F+SG	fem-suffix
+V+PRF+1+SG	perf-ind-1sg-suffix
+V+PRF+1+PL	perf-ind-1pl-suffix
+V+PRF+2+SG	perf-ind-2sg-suffix
+V+PRF+2+PL	perf-ind-2pl-suffix
+V+PRF+3+SG	perf-ind-3sg-suffix
+V+PRF+3+PL	perf-ind-3pl-suffix
+V+PRS+1+SG	pres-ind-1sg-suffix
+V+PRS+2+SG	pres-ind-2sg-suffix
+V+PRS+3+SG	pres-ind-3sg-suffix
+V+PRS+1+PL	pres-ind-1pl-suffix
+V+PRS+2+PL	pres-ind-2pl-suffix
+V+PRS+3+PL	pres-ind-3pl-suffix
+V+SBJR+1+SG	pres-subj-1sg-suffix
+V+SBJR+3+SG	pres-subj-3sg-suffix
+V+SBJR+2+SG	pres-subj-2sg-suffix
+V+SBJR+1+PL	pres-subj-1pl-suffix
+V+SBJR+2+PL	pres-subj-2pl-suffix
+V+SBJR+3+PL	pres-subj-3pl-suffix
+V+FUT+1+SG	fut-ind-1sg-suffix
+V+FUT+1+PL	fut-ind-1pl-suffix
+V+FUT+2+SG	fut-ind-2sg-suffix
+V+FUT+3+SG	fut-ind-3sg-suffix
+V+FUT+3+PL	fut-ind-3pl-suffix
+V+FUT+2+PL	fut-ind-2pl-suffix
+V+IMPF+1+SG	impf-ind-1sg-suffix
+V+IMPF+1+PL	impf-ind-1pl-suffix
+V+IMPF+3+SG	impf-ind-3sg-suffix
+V+IMPF+2+SG	impf-ind-2sg-suffix
+V+IMPF+2+PL	impf-ind-2pl-suffix
+V+IMPF+3+PL	impf-ind-3pl-suffix
+V+COND+1+SG	fut-pret-1sg-suffix
+V+COND+1+PL	fut-pret-1pl-suffix
+V+COND+2+SG	fut-pret-2sg-suffix
+V+COND+2+PL	fut-pret-2pl-suffix
+V+COND+3+SG	fut-pret-3sg-suffix
+V+COND+3+PL	fut-pret-3pl-suffix
+V+PQP+1+SG	pluperf-1sg-suffix
+V+PQP+1+PL	pluperf-1pl-suffix
+V+PQP+2+SG	pluperf-2sg-suffix
+V+PQP+3+SG	pluperf-3sg-suffix
+V+PQP+3+PL	pluperf-3pl-suffix
+V+PQP+2+PL	pluperf-2pl-suffix
+V+SBJP+1+SG	impf-subj-1sg-suffix
+V+SBJP+1+PL	impf-subj-1pl-suffix
+V+SBJP+3+SG	impf-subj-3sg-suffix
+V+SBJP+3+PL	impf-subj-3pl-suffix
+V+SBJP+2+SG	impf-subj-2sg-suffix
+V+SBJP+2+PL	impf-subj-2pl-suffix
+V+SBJF+1+SG	fut-subj-1sg-suffix
+V+SBJF+1+PL	fut-subj-1pl-suffix
+V+SBJF+3+SG	fut-subj-3sg-suffix
+V+SBJF+3+PL	fut-subj-3pl-suffix
+V+SBJF+2+SG	fut-subj-2sg-suffix
+V+SBJF+2+PL	fut-subj-2pl-suffix
+V+GRD	pres-part-suffix
+V+PTPST+M+SG	past-part-suffix
+V+INF+3+PL	infl-inf-3pl-suffix
+V+INF+2+SG	infl-inf-2sg-suffix
+V+INF+2+PL	infl-inf-2pl-suffix
+V+INF+1+PL	infl-inf-1pl-suffix
+V+INF+1+SG	infl-inf-1sg-suffix
+V+INF+3+SG	infl-inf-3sg-suffix
